// Jest Snapshot v1, https://goo.gl/fbAQLP

exports[`<Navbar/> should add header with brand 1`] = `
<nav
  class="navbar   "
>
  <div
    class="navbar__container"
  >
    <div
      class="navbar__brand"
    >
      <a
        class="navbar__link "
        role="button"
      >
        Brand
      </a>
    </div>
  </div>
</nav>
`;

exports[`<Navbar/> should render Navbar 1`] = `
<nav
  className="navbar   "
>
  <div
    className="navbar__container"
  />
</nav>
`;
